[2026-07-16 13:06:16] INFO | experiment | Device: cuda
[2026-07-16 13:06:16] INFO | experiment | Cohort: 50 buildings/dataset (tag='(none)') | ashrae=/home/samy/yuvaraj/cross-task-fl-balances-experiments/data/ashrae/processed | lead=/home/samy/yuvaraj/cross-task-fl-balances-experiments/data/lead/processed
[2026-07-16 13:06:16] INFO | experiment | Mamba fused kernels: ON (selective_scan=True, causal_conv1d=True)
[2026-07-16 13:06:16] INFO | experiment | ============================================================
[2026-07-16 13:06:16] INFO | experiment | STEP 2b: MULTI-TASK FEDERATED LEARNING (generic)
[2026-07-16 13:06:16] INFO | experiment |   Tasks: ['an', 'imp'] | Mode: dual | Strategy: fedavg
[2026-07-16 13:06:16] INFO | experiment | ============================================================
[2026-07-16 13:06:29] INFO | experiment |   anomaly      params: 976,623 (head 146,833)
[2026-07-16 13:06:29] INFO | experiment |   imputation   params: 976,623 (head 146,833)
[2026-07-16 13:06:29] INFO | experiment |   Shared backbone params: 829,790
[2026-07-16 13:06:29] INFO | experiment | Single-GPU mode on cuda (available: 1, max: 1)
[2026-07-16 13:06:29] INFO | experiment | Backbone compatibility verified across 2 tasks.
[2026-07-16 13:06:29] INFO | experiment | Multi-Task Federated Training
[2026-07-16 13:06:29] INFO | experiment |   Mode: dual | Strategy: fedavg
[2026-07-16 13:06:29] INFO | experiment |   Task anomaly      (reconstruct): 35 clients
[2026-07-16 13:06:29] INFO | experiment |   Task imputation   (reconstruct): 35 clients
[2026-07-16 13:06:29] INFO | experiment |   Total clients:       70
[2026-07-16 13:06:29] INFO | experiment |   Rounds: 10, Local epochs: 5
[2026-07-16 13:06:29] INFO | experiment |   GPUs: 1
[2026-07-16 13:06:29] INFO | experiment | Round 1/10 | 70 clients
[2026-07-16 13:17:00] INFO | experiment |   [anomaly] 35 clients trained on cuda in 631s
[2026-07-16 13:27:26] INFO | experiment |   [imputation] 35 clients trained on cuda in 626s
[2026-07-16 13:28:14] INFO | experiment |   anomaly test MSE: 0.331363 | imputation test MSE: 0.421314 | round 1305s
[2026-07-16 13:28:14] INFO | experiment | Round 2/10 | 70 clients
[2026-07-16 13:38:34] INFO | experiment |   [anomaly] 35 clients trained on cuda in 620s
[2026-07-16 13:47:31] INFO | experiment |   [imputation] 35 clients trained on cuda in 537s
[2026-07-16 13:48:18] INFO | experiment |   anomaly test MSE: 0.170257 | imputation test MSE: 0.259581 | round 1204s
[2026-07-16 13:48:18] INFO | experiment | Round 3/10 | 70 clients
[2026-07-16 13:58:37] INFO | experiment |   [anomaly] 35 clients trained on cuda in 619s
[2026-07-16 14:07:52] INFO | experiment |   [imputation] 35 clients trained on cuda in 554s
[2026-07-16 14:08:38] INFO | experiment |   anomaly test MSE: 0.144254 | imputation test MSE: 0.215603 | round 1220s
[2026-07-16 14:08:38] INFO | experiment | Round 4/10 | 70 clients
[2026-07-16 14:19:02] INFO | experiment |   [anomaly] 35 clients trained on cuda in 624s
[2026-07-16 14:28:07] INFO | experiment |   [imputation] 35 clients trained on cuda in 544s
[2026-07-16 14:28:54] INFO | experiment |   anomaly test MSE: 0.135060 | imputation test MSE: 0.225599 | round 1215s
[2026-07-16 14:28:54] INFO | experiment | Round 5/10 | 70 clients
[2026-07-16 14:39:18] INFO | experiment |   [anomaly] 35 clients trained on cuda in 625s
[2026-07-16 14:48:22] INFO | experiment |   [imputation] 35 clients trained on cuda in 544s
[2026-07-16 14:49:08] INFO | experiment |   anomaly test MSE: 0.130364 | imputation test MSE: 0.222671 | round 1215s
[2026-07-16 14:49:09] INFO | experiment | Round 6/10 | 70 clients
[2026-07-16 14:59:30] INFO | experiment |   [anomaly] 35 clients trained on cuda in 621s
[2026-07-16 15:08:26] INFO | experiment |   [imputation] 35 clients trained on cuda in 536s
[2026-07-16 15:09:12] INFO | experiment |   anomaly test MSE: 0.121145 | imputation test MSE: 0.207377 | round 1204s
[2026-07-16 15:09:13] INFO | experiment | Round 7/10 | 70 clients
[2026-07-16 15:19:25] INFO | experiment |   [anomaly] 35 clients trained on cuda in 613s
[2026-07-16 15:28:30] INFO | experiment |   [imputation] 35 clients trained on cuda in 544s
[2026-07-16 15:29:16] INFO | experiment |   anomaly test MSE: 0.115224 | imputation test MSE: 0.200530 | round 1203s
[2026-07-16 15:29:16] INFO | experiment | Round 8/10 | 70 clients
[2026-07-16 15:39:22] INFO | experiment |   [anomaly] 35 clients trained on cuda in 606s
[2026-07-16 15:48:09] INFO | experiment |   [imputation] 35 clients trained on cuda in 527s
[2026-07-16 15:48:55] INFO | experiment |   anomaly test MSE: 0.111252 | imputation test MSE: 0.193700 | round 1179s
[2026-07-16 15:48:55] INFO | experiment | Round 9/10 | 70 clients
[2026-07-16 15:58:57] INFO | experiment |   [anomaly] 35 clients trained on cuda in 602s
[2026-07-16 16:07:58] INFO | experiment |   [imputation] 35 clients trained on cuda in 541s
[2026-07-16 16:08:45] INFO | experiment |   anomaly test MSE: 0.106760 | imputation test MSE: 0.182462 | round 1190s
[2026-07-16 16:08:45] INFO | experiment | Round 10/10 | 70 clients
[2026-07-16 16:18:56] INFO | experiment |   [anomaly] 35 clients trained on cuda in 611s
[2026-07-16 16:27:44] INFO | experiment |   [imputation] 35 clients trained on cuda in 528s
[2026-07-16 16:28:30] INFO | experiment |   anomaly test MSE: 0.104007 | imputation test MSE: 0.174024 | round 1185s
[2026-07-16 16:28:31] INFO | experiment | FL training completed in 12121.8s
[2026-07-16 16:28:31] INFO | experiment | --- Anomaly Detection Evaluation ---
[2026-07-16 16:29:13] INFO | experiment |   F1: 0.5405
[2026-07-16 16:29:13] INFO | experiment |   AUC_ROC: 0.8234
[2026-07-16 16:29:13] INFO | experiment |   AUC_PR: 0.6622
[2026-07-16 16:29:13] INFO | experiment |   PRECISION: 0.9871
[2026-07-16 16:29:13] INFO | experiment |   RECALL: 0.3721
[2026-07-16 16:29:13] INFO | experiment | --- Imputation Evaluation ---
[2026-07-16 16:29:33] INFO | experiment |   [random] MSE 0.209486 | MAE 0.222016 | WAPE 5.54 | n=2759147
[2026-07-16 16:29:52] INFO | experiment |   [block] MSE 1.198655 | MAE 0.939106 | WAPE 23.46 | n=2760832
[2026-07-16 16:29:52] INFO | experiment | Results saved to /home/samy/yuvaraj/cross-task-fl-balances-experiments/results/federated_dual_fedavg_tasks-an-imp_results.json
[2026-07-16 16:29:52] INFO | experiment | Models saved to /home/samy/yuvaraj/cross-task-fl-balances-experiments/checkpoints
[2026-07-16 16:29:55] INFO | experiment | [DONE] Multi-task federated run complete.
