[2026-07-17 08:31:35] INFO | experiment | Device: cuda
[2026-07-17 08:31:35] INFO | experiment | Cohort: 50 buildings/dataset (tag='(none)') | ashrae=/home/samy/yuvaraj/cross-task-fl-balances-experiments/data/ashrae/processed | lead=/home/samy/yuvaraj/cross-task-fl-balances-experiments/data/lead/processed
[2026-07-17 08:31:35] INFO | experiment | Mamba fused kernels: ON (selective_scan=True, causal_conv1d=True)
[2026-07-17 08:31:35] INFO | experiment | ============================================================
[2026-07-17 08:31:35] INFO | experiment | STEP 2b: MULTI-TASK FEDERATED LEARNING (generic)
[2026-07-17 08:31:35] INFO | experiment |   Tasks: ['imp'] | Mode: local_only | Strategy: fedavg
[2026-07-17 08:31:35] INFO | experiment | ============================================================
[2026-07-17 08:31:40] INFO | experiment |   imputation   params: 976,623 (head 146,833)
[2026-07-17 08:31:40] INFO | experiment |   Shared backbone params: 829,790
[2026-07-17 08:31:40] INFO | experiment | Single-GPU mode on cuda (available: 1, max: 1)
[2026-07-17 08:31:40] INFO | experiment | Backbone compatibility verified across 1 tasks.
[2026-07-17 08:31:40] INFO | experiment | Multi-Task Federated Training
[2026-07-17 08:31:40] INFO | experiment |   Mode: local_only | Strategy: fedavg
[2026-07-17 08:31:40] INFO | experiment |   Task imputation   (reconstruct): 35 clients
[2026-07-17 08:31:40] INFO | experiment |   Total clients:       35
[2026-07-17 08:31:40] INFO | experiment |   Rounds: 10, Local epochs: 5
[2026-07-17 08:31:40] INFO | experiment |   GPUs: 1
[2026-07-17 08:31:40] INFO | experiment | Round 1/10 | 35 clients
[2026-07-17 08:40:23] INFO | experiment |   [imputation] 35 clients trained on cuda in 522s
[2026-07-17 08:40:41] INFO | experiment |   imputation test MSE: 0.258979 | round 541s
[2026-07-17 08:40:41] INFO | experiment | Round 2/10 | 35 clients
[2026-07-17 08:49:31] INFO | experiment |   [imputation] 35 clients trained on cuda in 530s
[2026-07-17 08:49:50] INFO | experiment |   imputation test MSE: 0.210837 | round 548s
[2026-07-17 08:49:50] INFO | experiment | Round 3/10 | 35 clients
[2026-07-17 08:58:41] INFO | experiment |   [imputation] 35 clients trained on cuda in 532s
[2026-07-17 08:59:00] INFO | experiment |   imputation test MSE: 0.186574 | round 550s
[2026-07-17 08:59:00] INFO | experiment | Round 4/10 | 35 clients
[2026-07-17 09:07:51] INFO | experiment |   [imputation] 35 clients trained on cuda in 531s
[2026-07-17 09:08:10] INFO | experiment |   imputation test MSE: 0.174769 | round 550s
[2026-07-17 09:08:10] INFO | experiment | Round 5/10 | 35 clients
[2026-07-17 09:17:01] INFO | experiment |   [imputation] 35 clients trained on cuda in 531s
[2026-07-17 09:17:20] INFO | experiment |   imputation test MSE: 0.170006 | round 550s
[2026-07-17 09:17:20] INFO | experiment | Round 6/10 | 35 clients
[2026-07-17 09:26:12] INFO | experiment |   [imputation] 35 clients trained on cuda in 532s
[2026-07-17 09:26:30] INFO | experiment |   imputation test MSE: 0.166634 | round 550s
[2026-07-17 09:26:30] INFO | experiment | Round 7/10 | 35 clients
[2026-07-17 09:35:21] INFO | experiment |   [imputation] 35 clients trained on cuda in 531s
[2026-07-17 09:35:40] INFO | experiment |   imputation test MSE: 0.168350 | round 550s
[2026-07-17 09:35:40] INFO | experiment | Round 8/10 | 35 clients
[2026-07-17 09:45:16] INFO | experiment |   [imputation] 35 clients trained on cuda in 576s
[2026-07-17 09:45:35] INFO | experiment |   imputation test MSE: 0.168601 | round 595s
[2026-07-17 09:45:35] INFO | experiment | Round 9/10 | 35 clients
[2026-07-17 09:55:10] INFO | experiment |   [imputation] 35 clients trained on cuda in 575s
[2026-07-17 09:55:30] INFO | experiment |   imputation test MSE: 0.170293 | round 594s
[2026-07-17 09:55:30] INFO | experiment | Round 10/10 | 35 clients
[2026-07-17 10:04:53] INFO | experiment |   [imputation] 35 clients trained on cuda in 563s
[2026-07-17 10:05:11] INFO | experiment |   imputation test MSE: 0.173782 | round 582s
[2026-07-17 10:05:11] INFO | experiment | FL training completed in 5611.3s
[2026-07-17 10:05:11] INFO | experiment | --- Imputation Evaluation ---
[2026-07-17 10:05:31] INFO | experiment |   [random] MSE 0.360503 | MAE 0.403760 | WAPE 10.08 | n=2759147
[2026-07-17 10:05:50] INFO | experiment |   [block] MSE 2.227360 | MAE 1.334736 | WAPE 33.34 | n=2760832
[2026-07-17 10:05:50] INFO | experiment | Results saved to /home/samy/yuvaraj/cross-task-fl-balances-experiments/results/federated_local_only_fedavg_tasks-imp_results.json
[2026-07-17 10:05:50] INFO | experiment | Models saved to /home/samy/yuvaraj/cross-task-fl-balances-experiments/checkpoints
[2026-07-17 10:05:51] INFO | experiment | [DONE] Multi-task federated run complete.
