[2026-07-17 10:05:58] INFO | experiment | Device: cuda
[2026-07-17 10:05:58] INFO | experiment | Cohort: 50 buildings/dataset (tag='(none)') | ashrae=/home/samy/yuvaraj/cross-task-fl-balances-experiments/data/ashrae/processed | lead=/home/samy/yuvaraj/cross-task-fl-balances-experiments/data/lead/processed
[2026-07-17 10:05:58] INFO | experiment | Mamba fused kernels: ON (selective_scan=True, causal_conv1d=True)
[2026-07-17 10:05:58] INFO | experiment | ============================================================
[2026-07-17 10:05:58] INFO | experiment | STEP 2b: MULTI-TASK FEDERATED LEARNING (generic)
[2026-07-17 10:05:58] INFO | experiment |   Tasks: ['fc', 'imp'] | Mode: dual | Strategy: fedavg
[2026-07-17 10:05:58] INFO | experiment | ============================================================
[2026-07-17 10:06:08] INFO | experiment |   forecasting  params: 884,999 (head 55,209)
[2026-07-17 10:06:08] INFO | experiment |   imputation   params: 976,623 (head 146,833)
[2026-07-17 10:06:08] INFO | experiment |   Shared backbone params: 829,790
[2026-07-17 10:06:08] INFO | experiment | Single-GPU mode on cuda (available: 1, max: 1)
[2026-07-17 10:06:08] INFO | experiment | Backbone compatibility verified across 2 tasks.
[2026-07-17 10:06:08] INFO | experiment | Multi-Task Federated Training
[2026-07-17 10:06:08] INFO | experiment |   Mode: dual | Strategy: fedavg
[2026-07-17 10:06:08] INFO | experiment |   Task forecasting  (forecast): 35 clients
[2026-07-17 10:06:08] INFO | experiment |   Task imputation   (reconstruct): 35 clients
[2026-07-17 10:06:08] INFO | experiment |   Total clients:       70
[2026-07-17 10:06:08] INFO | experiment |   Rounds: 10, Local epochs: 5
[2026-07-17 10:06:08] INFO | experiment |   GPUs: 1
[2026-07-17 10:06:08] INFO | experiment | Round 1/10 | 70 clients
[2026-07-17 10:15:10] INFO | experiment |   [forecasting] 35 clients trained on cuda in 542s
[2026-07-17 10:25:44] INFO | experiment |   [imputation] 35 clients trained on cuda in 635s
[2026-07-17 10:26:25] INFO | experiment |   forecasting test MSE: 0.299022 | imputation test MSE: 0.462393 | round 1218s
[2026-07-17 10:26:26] INFO | experiment | Round 2/10 | 70 clients
[2026-07-17 10:36:57] INFO | experiment |   [forecasting] 35 clients trained on cuda in 631s
[2026-07-17 10:47:26] INFO | experiment |   [imputation] 35 clients trained on cuda in 629s
[2026-07-17 10:48:07] INFO | experiment |   forecasting test MSE: 0.258849 | imputation test MSE: 0.238257 | round 1301s
[2026-07-17 10:48:07] INFO | experiment | Round 3/10 | 70 clients
[2026-07-17 10:57:37] INFO | experiment |   [forecasting] 35 clients trained on cuda in 570s
[2026-07-17 11:06:46] INFO | experiment |   [imputation] 35 clients trained on cuda in 549s
[2026-07-17 11:07:25] INFO | experiment |   forecasting test MSE: 0.242588 | imputation test MSE: 0.166968 | round 1158s
[2026-07-17 11:07:25] INFO | experiment | Round 4/10 | 70 clients
[2026-07-17 11:16:48] INFO | experiment |   [forecasting] 35 clients trained on cuda in 562s
[2026-07-17 11:26:12] INFO | experiment |   [imputation] 35 clients trained on cuda in 564s
[2026-07-17 11:26:50] INFO | experiment |   forecasting test MSE: 0.229974 | imputation test MSE: 0.123472 | round 1165s
[2026-07-17 11:26:50] INFO | experiment | Round 5/10 | 70 clients
[2026-07-17 11:35:56] INFO | experiment |   [forecasting] 35 clients trained on cuda in 545s
[2026-07-17 11:45:05] INFO | experiment |   [imputation] 35 clients trained on cuda in 549s
[2026-07-17 11:45:42] INFO | experiment |   forecasting test MSE: 0.222092 | imputation test MSE: 0.100878 | round 1132s
[2026-07-17 11:45:42] INFO | experiment | Round 6/10 | 70 clients
[2026-07-17 11:54:13] INFO | experiment |   [forecasting] 35 clients trained on cuda in 511s
[2026-07-17 12:04:38] INFO | experiment |   [imputation] 35 clients trained on cuda in 626s
[2026-07-17 12:05:18] INFO | experiment |   forecasting test MSE: 0.218404 | imputation test MSE: 0.089084 | round 1176s
[2026-07-17 12:05:18] INFO | experiment | Round 7/10 | 70 clients
[2026-07-17 12:15:43] INFO | experiment |   [forecasting] 35 clients trained on cuda in 625s
[2026-07-17 12:26:46] INFO | experiment |   [imputation] 35 clients trained on cuda in 664s
[2026-07-17 12:27:29] INFO | experiment |   forecasting test MSE: 0.214464 | imputation test MSE: 0.083184 | round 1331s
[2026-07-17 12:27:29] INFO | experiment | Round 8/10 | 70 clients
[2026-07-17 12:37:56] INFO | experiment |   [forecasting] 35 clients trained on cuda in 627s
[2026-07-17 12:48:20] INFO | experiment |   [imputation] 35 clients trained on cuda in 625s
[2026-07-17 12:49:00] INFO | experiment |   forecasting test MSE: 0.212247 | imputation test MSE: 0.081259 | round 1291s
[2026-07-17 12:49:00] INFO | experiment | Round 9/10 | 70 clients
[2026-07-17 12:57:58] INFO | experiment |   [forecasting] 35 clients trained on cuda in 538s
[2026-07-17 13:08:01] INFO | experiment |   [imputation] 35 clients trained on cuda in 603s
[2026-07-17 13:08:39] INFO | experiment |   forecasting test MSE: 0.210663 | imputation test MSE: 0.077626 | round 1179s
[2026-07-17 13:08:39] INFO | experiment | Round 10/10 | 70 clients
[2026-07-17 13:17:39] INFO | experiment |   [forecasting] 35 clients trained on cuda in 540s
[2026-07-17 13:27:04] INFO | experiment |   [imputation] 35 clients trained on cuda in 565s
[2026-07-17 13:27:42] INFO | experiment |   forecasting test MSE: 0.210919 | imputation test MSE: 0.076003 | round 1143s
[2026-07-17 13:27:42] INFO | experiment | FL training completed in 12094.3s
[2026-07-17 13:27:42] INFO | experiment | --- Forecasting Evaluation ---
[2026-07-17 13:28:01] INFO | experiment |   MSE: 0.210928
[2026-07-17 13:28:01] INFO | experiment |   RMSE: 0.459269
[2026-07-17 13:28:01] INFO | experiment |   MAE: 0.201267
[2026-07-17 13:28:01] INFO | experiment |   WAPE: 5.012757
[2026-07-17 13:28:01] INFO | experiment |   R2: 0.937673
[2026-07-17 13:28:01] INFO | experiment | --- Imputation Evaluation ---
[2026-07-17 13:28:20] INFO | experiment |   [random] MSE 0.478757 | MAE 0.476936 | WAPE 11.91 | n=2759147
[2026-07-17 13:28:40] INFO | experiment |   [block] MSE 9.044917 | MAE 2.825664 | WAPE 70.58 | n=2760832
[2026-07-17 13:28:40] INFO | experiment | Results saved to /home/samy/yuvaraj/cross-task-fl-balances-experiments/results/federated_dual_fedavg_tasks-fc-imp_results.json
[2026-07-17 13:28:40] INFO | experiment | Models saved to /home/samy/yuvaraj/cross-task-fl-balances-experiments/checkpoints
[2026-07-17 13:28:43] INFO | experiment | [DONE] Multi-task federated run complete.
