[2026-07-17 07:00:53] INFO | experiment | Device: cuda
[2026-07-17 07:00:53] INFO | experiment | Cohort: 50 buildings/dataset (tag='(none)') | ashrae=/home/samy/yuvaraj/cross-task-fl-balances-experiments/data/ashrae/processed | lead=/home/samy/yuvaraj/cross-task-fl-balances-experiments/data/lead/processed
[2026-07-17 07:00:53] INFO | experiment | Mamba fused kernels: ON (selective_scan=True, causal_conv1d=True)
[2026-07-17 07:00:53] INFO | experiment | ============================================================
[2026-07-17 07:00:53] INFO | experiment | STEP 2b: MULTI-TASK FEDERATED LEARNING (generic)
[2026-07-17 07:00:53] INFO | experiment |   Tasks: ['imp'] | Mode: single_task | Strategy: fedavg
[2026-07-17 07:00:53] INFO | experiment | ============================================================
[FL-IMP] 35 clients, 15 test buildings
[FL-IMP] 35 active clients, 36455 val, 86276 test windows
[2026-07-17 07:00:58] INFO | experiment |   imputation   params: 976,623 (head 146,833)
[2026-07-17 07:00:58] INFO | experiment |   Shared backbone params: 829,790
[2026-07-17 07:00:58] INFO | experiment | Single-GPU mode on cuda (available: 1, max: 1)
[2026-07-17 07:00:58] INFO | experiment | Backbone compatibility verified across 1 tasks.
[2026-07-17 07:00:58] INFO | experiment | Multi-Task Federated Training
[2026-07-17 07:00:58] INFO | experiment |   Mode: single_task | Strategy: fedavg
[2026-07-17 07:00:58] INFO | experiment |   Task imputation   (reconstruct): 35 clients
[2026-07-17 07:00:58] INFO | experiment |   Total clients:       35
[2026-07-17 07:00:58] INFO | experiment |   Rounds: 10, Local epochs: 5
[2026-07-17 07:00:58] INFO | experiment |   GPUs: 1
[2026-07-17 07:00:58] INFO | experiment | Round 1/10 | 35 clients
[2026-07-17 07:09:38] INFO | experiment |   [imputation] 35 clients trained on cuda in 520s
[2026-07-17 07:09:57] INFO | experiment |   imputation test MSE: 0.258867 | round 538s
[2026-07-17 07:09:57] INFO | experiment | Round 2/10 | 35 clients
[2026-07-17 07:18:37] INFO | experiment |   [imputation] 35 clients trained on cuda in 520s
[2026-07-17 07:18:55] INFO | experiment |   imputation test MSE: 0.154351 | round 539s
[2026-07-17 07:18:55] INFO | experiment | Round 3/10 | 35 clients
[2026-07-17 07:27:36] INFO | experiment |   [imputation] 35 clients trained on cuda in 520s
[2026-07-17 07:27:54] INFO | experiment |   imputation test MSE: 0.118089 | round 539s
[2026-07-17 07:27:54] INFO | experiment | Round 4/10 | 35 clients
[2026-07-17 07:36:35] INFO | experiment |   [imputation] 35 clients trained on cuda in 521s
[2026-07-17 07:36:53] INFO | experiment |   imputation test MSE: 0.108996 | round 539s
[2026-07-17 07:36:53] INFO | experiment | Round 5/10 | 35 clients
[2026-07-17 07:45:33] INFO | experiment |   [imputation] 35 clients trained on cuda in 520s
[2026-07-17 07:45:52] INFO | experiment |   imputation test MSE: 0.109437 | round 539s
[2026-07-17 07:45:52] INFO | experiment | Round 6/10 | 35 clients
[2026-07-17 07:54:33] INFO | experiment |   [imputation] 35 clients trained on cuda in 521s
[2026-07-17 07:54:51] INFO | experiment |   imputation test MSE: 0.108451 | round 539s
[2026-07-17 07:54:51] INFO | experiment | Round 7/10 | 35 clients
[2026-07-17 08:03:33] INFO | experiment |   [imputation] 35 clients trained on cuda in 521s
[2026-07-17 08:03:51] INFO | experiment |   imputation test MSE: 0.104543 | round 539s
[2026-07-17 08:03:51] INFO | experiment | Round 8/10 | 35 clients
[2026-07-17 08:12:32] INFO | experiment |   [imputation] 35 clients trained on cuda in 521s
[2026-07-17 08:12:51] INFO | experiment |   imputation test MSE: 0.100391 | round 540s
[2026-07-17 08:12:51] INFO | experiment | Round 9/10 | 35 clients
[2026-07-17 08:21:32] INFO | experiment |   [imputation] 35 clients trained on cuda in 521s
[2026-07-17 08:21:50] INFO | experiment |   imputation test MSE: 0.098575 | round 539s
[2026-07-17 08:21:50] INFO | experiment | Round 10/10 | 35 clients
[2026-07-17 08:30:32] INFO | experiment |   [imputation] 35 clients trained on cuda in 522s
[2026-07-17 08:30:50] INFO | experiment |   imputation test MSE: 0.097257 | round 540s
[2026-07-17 08:30:50] INFO | experiment | FL training completed in 5392.2s
[2026-07-17 08:30:50] INFO | experiment | --- Imputation Evaluation ---
[2026-07-17 08:31:09] INFO | experiment |   [random] MSE 0.129396 | MAE 0.160074 | WAPE 4.00 | n=2759147
[2026-07-17 08:31:27] INFO | experiment |   [block] MSE 2.520408 | MAE 1.465742 | WAPE 36.61 | n=2760832
[2026-07-17 08:31:27] INFO | experiment | Results saved to /home/samy/yuvaraj/cross-task-fl-balances-experiments/results/federated_single_task_fedavg_tasks-imp_results.json
[2026-07-17 08:31:27] INFO | experiment | Models saved to /home/samy/yuvaraj/cross-task-fl-balances-experiments/checkpoints
[2026-07-17 08:31:29] INFO | experiment | [DONE] Multi-task federated run complete.
